Traceback (most recent call last):
  File "/home/runner/work/aiml-notes/aiml-notes/.venv/lib/python3.13/site-packages/jupyter_core/utils/__init__.py", line 154, in wrapped
    asyncio.get_running_loop()
    ~~~~~~~~~~~~~~~~~~~~~~~~^^
RuntimeError: no running event loop

During handling of the above exception, another exception occurred:

Traceback (most recent call last):
  File "/home/runner/work/aiml-notes/aiml-notes/.venv/lib/python3.13/site-packages/jupyter_cache/executors/utils.py", line 58, in single_nb_execution
    executenb(
    ~~~~~~~~~^
        nb,
        ^^^
    ...<4 lines>...
        **kwargs,
        ^^^^^^^^^
    )
    ^
  File "/home/runner/work/aiml-notes/aiml-notes/.venv/lib/python3.13/site-packages/nbclient/client.py", line 1319, in execute
    return NotebookClient(nb=nb, resources=resources, km=km, **kwargs).execute()
           ~~~~~~~~~~~~~~~~~~~~~~~~~~~~~~~~~~~~~~~~~~~~~~~~~~~~~~~~~~~~~~~~~~~^^
  File "/home/runner/work/aiml-notes/aiml-notes/.venv/lib/python3.13/site-packages/jupyter_core/utils/__init__.py", line 158, in wrapped
    return loop.run_until_complete(inner)
           ~~~~~~~~~~~~~~~~~~~~~~~^^^^^^^
  File "/opt/hostedtoolcache/Python/3.13.11/x64/lib/python3.13/asyncio/base_events.py", line 725, in run_until_complete
    return future.result()
           ~~~~~~~~~~~~~^^
  File "/home/runner/work/aiml-notes/aiml-notes/.venv/lib/python3.13/site-packages/nbclient/client.py", line 709, in async_execute
    await self.async_execute_cell(
        cell, index, execution_count=self.code_cells_executed + 1
    )
  File "/home/runner/work/aiml-notes/aiml-notes/.venv/lib/python3.13/site-packages/nbclient/client.py", line 1062, in async_execute_cell
    await self._check_raise_for_error(cell, cell_index, exec_reply)
  File "/home/runner/work/aiml-notes/aiml-notes/.venv/lib/python3.13/site-packages/nbclient/client.py", line 918, in _check_raise_for_error
    raise CellExecutionError.from_cell_and_msg(cell, exec_reply_content)
nbclient.exceptions.CellExecutionError: An error occurred while executing the following cell:
------------------
from sklearn.datasets import fetch_20newsgroups
# fetch the dataset of news documents
newsgroups = fetch_20newsgroups(
    subset="all",  # get both the test and train datasets
    categories=[
        "rec.sport.baseball",  # get baseball sport documents
        "sci.space",  # get science space documents
    ],
    shuffle=True,  # shuffle the data
    random_state=42,  # shuffle in a predictable order
)
------------------

----- stderr -----
/home/runner/work/aiml-notes/aiml-notes/.venv/lib/python3.13/site-packages/sklearn/datasets/_base.py:1518: UserWarning: Retry downloading from url: https://ndownloader.figshare.com/files/5975967
  warnings.warn(f"Retry downloading from url: {remote.url}")
------------------

[31m---------------------------------------------------------------------------[39m
[31mHTTPError[39m                                 Traceback (most recent call last)
[36mCell[39m[36m [39m[32mIn[1][39m[32m, line 3[39m
[32m      1[39m [38;5;28;01mfrom[39;00m[38;5;250m [39m[34;01msklearn[39;00m[34;01m.[39;00m[34;01mdatasets[39;00m[38;5;250m [39m[38;5;28;01mimport[39;00m fetch_20newsgroups
[32m      2[39m [38;5;66;03m# fetch the dataset of news documents[39;00m
[32m----> [39m[32m3[39m newsgroups = [43mfetch_20newsgroups[49m[43m([49m
[32m      4[39m [43m    [49m[43msubset[49m[43m=[49m[33;43m"[39;49m[33;43mall[39;49m[33;43m"[39;49m[43m,[49m[43m  [49m[38;5;66;43;03m# get both the test and train datasets[39;49;00m
[32m      5[39m [43m    [49m[43mcategories[49m[43m=[49m[43m[[49m
[32m      6[39m [43m        [49m[33;43m"[39;49m[33;43mrec.sport.baseball[39;49m[33;43m"[39;49m[43m,[49m[43m  [49m[38;5;66;43;03m# get baseball sport documents[39;49;00m
[32m      7[39m [43m        [49m[33;43m"[39;49m[33;43msci.space[39;49m[33;43m"[39;49m[43m,[49m[43m  [49m[38;5;66;43;03m# get science space documents[39;49;00m
[32m      8[39m [43m    [49m[43m][49m[43m,[49m
[32m      9[39m [43m    [49m[43mshuffle[49m[43m=[49m[38;5;28;43;01mTrue[39;49;00m[43m,[49m[43m  [49m[38;5;66;43;03m# shuffle the data[39;49;00m
[32m     10[39m [43m    [49m[43mrandom_state[49m[43m=[49m[32;43m42[39;49m[43m,[49m[43m  [49m[38;5;66;43;03m# shuffle in a predictable order[39;49;00m
[32m     11[39m [43m)[49m

[36mFile [39m[32m~/work/aiml-notes/aiml-notes/.venv/lib/python3.13/site-packages/sklearn/utils/_param_validation.py:218[39m, in [36mvalidate_params.<locals>.decorator.<locals>.wrapper[39m[34m(*args, **kwargs)[39m
[32m    212[39m [38;5;28;01mtry[39;00m:
[32m    213[39m     [38;5;28;01mwith[39;00m config_context(
[32m    214[39m         skip_parameter_validation=(
[32m    215[39m             prefer_skip_nested_validation [38;5;129;01mor[39;00m global_skip_validation
[32m    216[39m         )
[32m    217[39m     ):
[32m--> [39m[32m218[39m         [38;5;28;01mreturn[39;00m [43mfunc[49m[43m([49m[43m*[49m[43margs[49m[43m,[49m[43m [49m[43m*[49m[43m*[49m[43mkwargs[49m[43m)[49m
[32m    219[39m [38;5;28;01mexcept[39;00m InvalidParameterError [38;5;28;01mas[39;00m e:
[32m    220[39m     [38;5;66;03m# When the function is just a wrapper around an estimator, we allow[39;00m
[32m    221[39m     [38;5;66;03m# the function to delegate validation to the estimator, but we replace[39;00m
[32m    222[39m     [38;5;66;03m# the name of the estimator by the name of the function in the error[39;00m
[32m    223[39m     [38;5;66;03m# message to avoid confusion.[39;00m
[32m    224[39m     msg = re.sub(
[32m    225[39m         [33mr[39m[33m"[39m[33mparameter of [39m[33m\[39m[33mw+ must be[39m[33m"[39m,
[32m    226[39m         [33mf[39m[33m"[39m[33mparameter of [39m[38;5;132;01m{[39;00mfunc.[34m__qualname__[39m[38;5;132;01m}[39;00m[33m must be[39m[33m"[39m,
[32m    227[39m         [38;5;28mstr[39m(e),
[32m    228[39m     )

[36mFile [39m[32m~/work/aiml-notes/aiml-notes/.venv/lib/python3.13/site-packages/sklearn/datasets/_twenty_newsgroups.py:320[39m, in [36mfetch_20newsgroups[39m[34m(data_home, subset, categories, shuffle, random_state, remove, download_if_missing, return_X_y, n_retries, delay)[39m
[32m    318[39m [38;5;28;01mif[39;00m download_if_missing:
[32m    319[39m     logger.info([33m"[39m[33mDownloading 20news dataset. This may take a few minutes.[39m[33m"[39m)
[32m--> [39m[32m320[39m     cache = [43m_download_20newsgroups[49m[43m([49m
[32m    321[39m [43m        [49m[43mtarget_dir[49m[43m=[49m[43mtwenty_home[49m[43m,[49m
[32m    322[39m [43m        [49m[43mcache_path[49m[43m=[49m[43mcache_path[49m[43m,[49m
[32m    323[39m [43m        [49m[43mn_retries[49m[43m=[49m[43mn_retries[49m[43m,[49m
[32m    324[39m [43m        [49m[43mdelay[49m[43m=[49m[43mdelay[49m[43m,[49m
[32m    325[39m [43m    [49m[43m)[49m
[32m    326[39m [38;5;28;01melse[39;00m:
[32m    327[39m     [38;5;28;01mraise[39;00m [38;5;167;01mOSError[39;00m([33m"[39m[33m20Newsgroups dataset not found[39m[33m"[39m)

[36mFile [39m[32m~/work/aiml-notes/aiml-notes/.venv/lib/python3.13/site-packages/sklearn/datasets/_twenty_newsgroups.py:79[39m, in [36m_download_20newsgroups[39m[34m(target_dir, cache_path, n_retries, delay)[39m
[32m     76[39m os.makedirs(target_dir, exist_ok=[38;5;28;01mTrue[39;00m)
[32m     78[39m logger.info([33m"[39m[33mDownloading dataset from [39m[38;5;132;01m%s[39;00m[33m (14 MB)[39m[33m"[39m, ARCHIVE.url)
[32m---> [39m[32m79[39m archive_path = [43m_fetch_remote[49m[43m([49m
[32m     80[39m [43m    [49m[43mARCHIVE[49m[43m,[49m[43m [49m[43mdirname[49m[43m=[49m[43mtarget_dir[49m[43m,[49m[43m [49m[43mn_retries[49m[43m=[49m[43mn_retries[49m[43m,[49m[43m [49m[43mdelay[49m[43m=[49m[43mdelay[49m
[32m     81[39m [43m[49m[43m)[49m
[32m     83[39m logger.debug([33m"[39m[33mDecompressing [39m[38;5;132;01m%s[39;00m[33m"[39m, archive_path)
[32m     84[39m [38;5;28;01mwith[39;00m tarfile.open(archive_path, [33m"[39m[33mr:gz[39m[33m"[39m) [38;5;28;01mas[39;00m fp:

[36mFile [39m[32m~/work/aiml-notes/aiml-notes/.venv/lib/python3.13/site-packages/sklearn/datasets/_base.py:1512[39m, in [36m_fetch_remote[39m[34m(remote, dirname, n_retries, delay)[39m
[32m   1510[39m [38;5;28;01mwhile[39;00m [38;5;28;01mTrue[39;00m:
[32m   1511[39m     [38;5;28;01mtry[39;00m:
[32m-> [39m[32m1512[39m         [43murlretrieve[49m[43m([49m[43mremote[49m[43m.[49m[43murl[49m[43m,[49m[43m [49m[43mtemp_file_path[49m[43m)[49m
[32m   1513[39m         [38;5;28;01mbreak[39;00m
[32m   1514[39m     [38;5;28;01mexcept[39;00m (URLError, [38;5;167;01mTimeoutError[39;00m):

[36mFile [39m[32m/opt/hostedtoolcache/Python/3.13.11/x64/lib/python3.13/urllib/request.py:214[39m, in [36murlretrieve[39m[34m(url, filename, reporthook, data)[39m
[32m    197[39m [38;5;250m[39m[33;03m"""[39;00m
[32m    198[39m [33;03mRetrieve a URL into a temporary location on disk.[39;00m
[32m    199[39m 
[32m   (...)[39m[32m    210[39m [33;03mdata file as well as the resulting HTTPMessage object.[39;00m
[32m    211[39m [33;03m"""[39;00m
[32m    212[39m url_type, path = _splittype(url)
[32m--> [39m[32m214[39m [38;5;28;01mwith[39;00m contextlib.closing([43murlopen[49m[43m([49m[43murl[49m[43m,[49m[43m [49m[43mdata[49m[43m)[49m) [38;5;28;01mas[39;00m fp:
[32m    215[39m     headers = fp.info()
[32m    217[39m     [38;5;66;03m# Just return the local path and the "headers" for file://[39;00m
[32m    218[39m     [38;5;66;03m# URLs. No sense in performing a copy unless requested.[39;00m

[36mFile [39m[32m/opt/hostedtoolcache/Python/3.13.11/x64/lib/python3.13/urllib/request.py:189[39m, in [36murlopen[39m[34m(url, data, timeout, context)[39m
[32m    187[39m [38;5;28;01melse[39;00m:
[32m    188[39m     opener = _opener
[32m--> [39m[32m189[39m [38;5;28;01mreturn[39;00m [43mopener[49m[43m.[49m[43mopen[49m[43m([49m[43murl[49m[43m,[49m[43m [49m[43mdata[49m[43m,[49m[43m [49m[43mtimeout[49m[43m)[49m

[36mFile [39m[32m/opt/hostedtoolcache/Python/3.13.11/x64/lib/python3.13/urllib/request.py:495[39m, in [36mOpenerDirector.open[39m[34m(self, fullurl, data, timeout)[39m
[32m    493[39m [38;5;28;01mfor[39;00m processor [38;5;129;01min[39;00m [38;5;28mself[39m.process_response.get(protocol, []):
[32m    494[39m     meth = [38;5;28mgetattr[39m(processor, meth_name)
[32m--> [39m[32m495[39m     response = [43mmeth[49m[43m([49m[43mreq[49m[43m,[49m[43m [49m[43mresponse[49m[43m)[49m
[32m    497[39m [38;5;28;01mreturn[39;00m response

[36mFile [39m[32m/opt/hostedtoolcache/Python/3.13.11/x64/lib/python3.13/urllib/request.py:604[39m, in [36mHTTPErrorProcessor.http_response[39m[34m(self, request, response)[39m
[32m    601[39m [38;5;66;03m# According to RFC 2616, "2xx" code indicates that the client's[39;00m
[32m    602[39m [38;5;66;03m# request was successfully received, understood, and accepted.[39;00m
[32m    603[39m [38;5;28;01mif[39;00m [38;5;129;01mnot[39;00m ([32m200[39m <= code < [32m300[39m):
[32m--> [39m[32m604[39m     response = [38;5;28;43mself[39;49m[43m.[49m[43mparent[49m[43m.[49m[43merror[49m[43m([49m
[32m    605[39m [43m        [49m[33;43m'[39;49m[33;43mhttp[39;49m[33;43m'[39;49m[43m,[49m[43m [49m[43mrequest[49m[43m,[49m[43m [49m[43mresponse[49m[43m,[49m[43m [49m[43mcode[49m[43m,[49m[43m [49m[43mmsg[49m[43m,[49m[43m [49m[43mhdrs[49m[43m)[49m
[32m    607[39m [38;5;28;01mreturn[39;00m response

[36mFile [39m[32m/opt/hostedtoolcache/Python/3.13.11/x64/lib/python3.13/urllib/request.py:533[39m, in [36mOpenerDirector.error[39m[34m(self, proto, *args)[39m
[32m    531[39m [38;5;28;01mif[39;00m http_err:
[32m    532[39m     args = ([38;5;28mdict[39m, [33m'[39m[33mdefault[39m[33m'[39m, [33m'[39m[33mhttp_error_default[39m[33m'[39m) + orig_args
[32m--> [39m[32m533[39m     [38;5;28;01mreturn[39;00m [38;5;28;43mself[39;49m[43m.[49m[43m_call_chain[49m[43m([49m[43m*[49m[43margs[49m[43m)[49m

[36mFile [39m[32m/opt/hostedtoolcache/Python/3.13.11/x64/lib/python3.13/urllib/request.py:466[39m, in [36mOpenerDirector._call_chain[39m[34m(self, chain, kind, meth_name, *args)[39m
[32m    464[39m [38;5;28;01mfor[39;00m handler [38;5;129;01min[39;00m handlers:
[32m    465[39m     func = [38;5;28mgetattr[39m(handler, meth_name)
[32m--> [39m[32m466[39m     result = [43mfunc[49m[43m([49m[43m*[49m[43margs[49m[43m)[49m
[32m    467[39m     [38;5;28;01mif[39;00m result [38;5;129;01mis[39;00m [38;5;129;01mnot[39;00m [38;5;28;01mNone[39;00m:
[32m    468[39m         [38;5;28;01mreturn[39;00m result

[36mFile [39m[32m/opt/hostedtoolcache/Python/3.13.11/x64/lib/python3.13/urllib/request.py:613[39m, in [36mHTTPDefaultErrorHandler.http_error_default[39m[34m(self, req, fp, code, msg, hdrs)[39m
[32m    612[39m [38;5;28;01mdef[39;00m[38;5;250m [39m[34mhttp_error_default[39m([38;5;28mself[39m, req, fp, code, msg, hdrs):
[32m--> [39m[32m613[39m     [38;5;28;01mraise[39;00m HTTPError(req.full_url, code, msg, hdrs, fp)

[31mHTTPError[39m: HTTP Error 403: Forbidden

